This file contains any messages produced by compilers while
running configure, to aid debugging if configure makes a mistake.

It was created by xcb-util-keysyms configure 0.4.1, which was
generated by GNU Autoconf 2.71.  Invocation command line was

  $ ./configure --prefix=/home/tlaranje/local

## --------- ##
## Platform. ##
## --------- ##

hostname = c2r6s1.42porto.com
uname -m = x86_64
uname -r = 5.15.0-164-generic
uname -s = Linux
uname -v = #174-Ubuntu SMP Fri Nov 14 20:25:16 UTC 2025

/usr/bin/uname -p = x86_64
/bin/uname -X     = unknown

/bin/arch              = x86_64
/usr/bin/arch -k       = unknown
/usr/convex/getsysinfo = unknown
/usr/bin/hostinfo      = unknown
/bin/machine           = unknown
/usr/bin/oslevel       = unknown
/bin/universe          = unknown

PATH: /home/tlaranje/.brew/bin/
PATH: /home/tlaranje/.local/bin/
PATH: /home/tlaranje/bin/
PATH: /usr/local/sbin/
PATH: /usr/local/bin/
PATH: /usr/sbin/
PATH: /usr/bin/
PATH: /sbin/
PATH: /bin/
PATH: /usr/games/
PATH: /usr/local/games/
PATH: /snap/bin/


## ----------- ##
## Core tests. ##
## ----------- ##

configure:2481: looking for aux files: compile config.guess config.sub ltmain.sh missing install-sh
configure:2494:  trying ./
configure:2523:   ./compile found
configure:2523:   ./config.guess found
configure:2523:   ./config.sub found
configure:2523:   ./ltmain.sh found
configure:2523:   ./missing found
configure:2505:   ./install-sh found
configure:2654: checking for a BSD-compatible install
configure:2727: result: /usr/bin/install -c
configure:2738: checking whether build environment is sane
configure:2793: result: yes
configure:2952: checking for a race-free mkdir -p
configure:2996: result: /usr/bin/mkdir -p
configure:3003: checking for gawk
configure:3024: found /usr/bin/gawk
configure:3035: result: gawk
configure:3046: checking whether make sets $(MAKE)
configure:3069: result: yes
configure:3099: checking whether make supports nested variables
configure:3117: result: yes
configure:3286: checking build system type
configure:3301: result: x86_64-pc-linux-gnu
configure:3321: checking host system type
configure:3335: result: x86_64-pc-linux-gnu
configure:3376: checking how to print strings
configure:3403: result: printf
configure:3437: checking whether make supports the include directive
configure:3452: make -f confmf.GNU && cat confinc.out
this is the am__doit target
configure:3455: $? = 0
configure:3474: result: yes (GNU style)
configure:3550: checking for gcc
configure:3571: found /usr/bin/gcc
configure:3582: result: gcc
configure:3935: checking for C compiler version
configure:3944: gcc --version >&5
gcc (Ubuntu 10.5.0-1ubuntu1~22.04.2) 10.5.0
Copyright (C) 2020 Free Software Foundation, Inc.
This is free software; see the source for copying conditions.  There is NO
warranty; not even for MERCHANTABILITY or FITNESS FOR A PARTICULAR PURPOSE.

configure:3955: $? = 0
configure:3944: gcc -v >&5
Using built-in specs.
COLLECT_GCC=gcc
COLLECT_LTO_WRAPPER=/usr/lib/gcc/x86_64-linux-gnu/10/lto-wrapper
Target: x86_64-linux-gnu
Configured with: ../src/configure -v --with-pkgversion='Ubuntu 10.5.0-1ubuntu1~22.04.2' --with-bugurl=file:///usr/share/doc/gcc-10/README.Bugs --enable-languages=c,ada,c++,go,brig,d,fortran,objc,obj-c++,m2 --prefix=/usr --with-gcc-major-version-only --program-suffix=-10 --program-prefix=x86_64-linux-gnu- --enable-shared --enable-linker-build-id --libexecdir=/usr/lib --without-included-gettext --enable-threads=posix --libdir=/usr/lib --enable-nls --enable-bootstrap --enable-clocale=gnu --enable-libstdcxx-debug --enable-libstdcxx-time=yes --with-default-libstdcxx-abi=new --enable-gnu-unique-object --disable-vtable-verify --enable-plugin --enable-default-pie --with-system-zlib --enable-libphobos-checking=release --with-target-system-zlib=auto --enable-objc-gc=auto --enable-multiarch --disable-werror --with-arch-32=i686 --with-abi=m64 --with-multilib-list=m32,m64,mx32 --enable-multilib --with-tune=generic --enable-offload-targets=hsa --without-cuda-driver --enable-checking=release --build=x86_64-linux-gnu --host=x86_64-linux-gnu --target=x86_64-linux-gnu --with-build-config=bootstrap-lto-lean --enable-link-mutex
Thread model: posix
Supported LTO compression algorithms: zlib zstd
gcc version 10.5.0 (Ubuntu 10.5.0-1ubuntu1~22.04.2) 
configure:3955: $? = 0
configure:3944: gcc -V >&5
gcc: error: unrecognized command-line option '-V'
gcc: fatal error: no input files
compilation terminated.
configure:3955: $? = 1
configure:3944: gcc -qversion >&5
gcc: error: unrecognized command-line option '-qversion'; did you mean '--version'?
gcc: fatal error: no input files
compilation terminated.
configure:3955: $? = 1
configure:3944: gcc -version >&5
gcc: error: unrecognized command-line option '-version'
gcc: fatal error: no input files
compilation terminated.
configure:3955: $? = 1
configure:3975: checking whether the C compiler works
configure:3997: gcc    conftest.c  >&5
configure:4001: $? = 0
configure:4051: result: yes
configure:4054: checking for C compiler default output file name
configure:4056: result: a.out
configure:4062: checking for suffix of executables
configure:4069: gcc -o conftest    conftest.c  >&5
configure:4073: $? = 0
configure:4096: result: 
configure:4118: checking whether we are cross compiling
configure:4126: gcc -o conftest    conftest.c  >&5
configure:4130: $? = 0
configure:4137: ./conftest
configure:4141: $? = 0
configure:4156: result: no
configure:4161: checking for suffix of object files
configure:4184: gcc -c   conftest.c >&5
configure:4188: $? = 0
configure:4210: result: o
configure:4214: checking whether the compiler supports GNU C
configure:4234: gcc -c   conftest.c >&5
configure:4234: $? = 0
configure:4244: result: yes
configure:4255: checking whether gcc accepts -g
configure:4276: gcc -c -g  conftest.c >&5
configure:4276: $? = 0
configure:4320: result: yes
configure:4340: checking for gcc option to enable C11 features
configure:4355: gcc  -c -g -O2  conftest.c >&5
configure:4355: $? = 0
configure:4373: result: none needed
configure:4489: checking whether gcc understands -c and -o together
configure:4512: gcc -c conftest.c -o conftest2.o
configure:4515: $? = 0
configure:4512: gcc -c conftest.c -o conftest2.o
configure:4515: $? = 0
configure:4527: result: yes
configure:4546: checking dependency style of gcc
configure:4658: result: gcc3
configure:4673: checking for a sed that does not truncate output
configure:4743: result: /usr/bin/sed
configure:4761: checking for grep that handles long lines and -e
configure:4825: result: /usr/bin/grep
configure:4830: checking for egrep
configure:4898: result: /usr/bin/grep -E
configure:4903: checking for fgrep
configure:4971: result: /usr/bin/grep -F
configure:5007: checking for ld used by gcc
configure:5075: result: /usr/bin/ld
configure:5082: checking if the linker (/usr/bin/ld) is GNU ld
configure:5098: result: yes
configure:5110: checking for BSD- or MS-compatible name lister (nm)
configure:5165: result: /usr/bin/nm -B
configure:5305: checking the name lister (/usr/bin/nm -B) interface
configure:5313: gcc -c -g -O2  conftest.c >&5
configure:5316: /usr/bin/nm -B "conftest.o"
configure:5319: output
0000000000000000 B some_variable
configure:5326: result: BSD nm
configure:5329: checking whether ln -s works
configure:5333: result: yes
configure:5341: checking the maximum length of command line arguments
configure:5473: result: 1572864
configure:5521: checking how to convert x86_64-pc-linux-gnu file names to x86_64-pc-linux-gnu format
configure:5562: result: func_convert_file_noop
configure:5569: checking how to convert x86_64-pc-linux-gnu file names to toolchain format
configure:5590: result: func_convert_file_noop
configure:5597: checking for /usr/bin/ld option to reload object files
configure:5605: result: -r
configure:5684: checking for file
configure:5705: found /usr/bin/file
configure:5716: result: file
configure:5792: checking for objdump
configure:5813: found /usr/bin/objdump
configure:5824: result: objdump
configure:5856: checking how to recognize dependent libraries
configure:6057: result: pass_all
configure:6147: checking for dlltool
configure:6182: result: no
configure:6212: checking how to associate runtime and link libraries
configure:6240: result: printf %s\n
configure:6306: checking for ar
configure:6327: found /usr/bin/ar
configure:6338: result: ar
configure:6391: checking for archiver @FILE support
configure:6409: gcc -c -g -O2  conftest.c >&5
configure:6409: $? = 0
configure:6413: ar cr libconftest.a @conftest.lst >&5
configure:6416: $? = 0
configure:6421: ar cr libconftest.a @conftest.lst >&5
ar: conftest.o: No such file or directory
configure:6424: $? = 1
configure:6436: result: @
configure:6499: checking for strip
configure:6520: found /usr/bin/strip
configure:6531: result: strip
configure:6608: checking for ranlib
configure:6629: found /usr/bin/ranlib
configure:6640: result: ranlib
configure:6742: checking command to parse /usr/bin/nm -B output from gcc object
configure:6896: gcc -c -g -O2  conftest.c >&5
configure:6899: $? = 0
configure:6903: /usr/bin/nm -B conftest.o \| /usr/bin/sed -n -e 's/^.*[ ]\([ABCDGIRSTW][ABCDGIRSTW]*\)[ ][ ]*\([_A-Za-z][_A-Za-z0-9]*\)$/\1 \2 \2/p' | /usr/bin/sed '/ __gnu_lto/d' \> conftest.nm
configure:6906: $? = 0
configure:6972: gcc -o conftest -g -O2   conftest.c conftstm.o >&5
configure:6975: $? = 0
configure:7013: result: ok
configure:7060: checking for sysroot
configure:7091: result: no
configure:7098: checking for a working dd
configure:7142: result: /usr/bin/dd
configure:7146: checking how to truncate binary pipes
configure:7162: result: /usr/bin/dd bs=4096 count=1
configure:7299: gcc -c -g -O2  conftest.c >&5
configure:7302: $? = 0
configure:7499: checking for mt
configure:7520: found /usr/bin/mt
configure:7531: result: mt
configure:7554: checking if mt is a manifest tool
configure:7561: mt '-?'
configure:7569: result: no
configure:8294: checking for stdio.h
configure:8294: gcc -c -g -O2  conftest.c >&5
configure:8294: $? = 0
configure:8294: result: yes
configure:8294: checking for stdlib.h
configure:8294: gcc -c -g -O2  conftest.c >&5
configure:8294: $? = 0
configure:8294: result: yes
configure:8294: checking for string.h
configure:8294: gcc -c -g -O2  conftest.c >&5
configure:8294: $? = 0
configure:8294: result: yes
configure:8294: checking for inttypes.h
configure:8294: gcc -c -g -O2  conftest.c >&5
configure:8294: $? = 0
configure:8294: result: yes
configure:8294: checking for stdint.h
configure:8294: gcc -c -g -O2  conftest.c >&5
configure:8294: $? = 0
configure:8294: result: yes
configure:8294: checking for strings.h
configure:8294: gcc -c -g -O2  conftest.c >&5
configure:8294: $? = 0
configure:8294: result: yes
configure:8294: checking for sys/stat.h
configure:8294: gcc -c -g -O2  conftest.c >&5
configure:8294: $? = 0
configure:8294: result: yes
configure:8294: checking for sys/types.h
configure:8294: gcc -c -g -O2  conftest.c >&5
configure:8294: $? = 0
configure:8294: result: yes
configure:8294: checking for unistd.h
configure:8294: gcc -c -g -O2  conftest.c >&5
configure:8294: $? = 0
configure:8294: result: yes
configure:8319: checking for dlfcn.h
configure:8319: gcc -c -g -O2  conftest.c >&5
configure:8319: $? = 0
configure:8319: result: yes
configure:8578: checking for objdir
configure:8594: result: .libs
configure:8858: checking if gcc supports -fno-rtti -fno-exceptions
configure:8877: gcc -c -g -O2  -fno-rtti -fno-exceptions conftest.c >&5
cc1: warning: command-line option '-fno-rtti' is valid for C++/D/ObjC++ but not for C
configure:8881: $? = 0
configure:8894: result: no
configure:9252: checking for gcc option to produce PIC
configure:9260: result: -fPIC -DPIC
configure:9268: checking if gcc PIC flag -fPIC -DPIC works
configure:9287: gcc -c -g -O2  -fPIC -DPIC -DPIC conftest.c >&5
configure:9291: $? = 0
configure:9304: result: yes
configure:9333: checking if gcc static flag -static works
configure:9362: result: yes
configure:9377: checking if gcc supports -c -o file.o
configure:9399: gcc -c -g -O2  -o out/conftest2.o conftest.c >&5
configure:9403: $? = 0
configure:9425: result: yes
configure:9433: checking if gcc supports -c -o file.o
configure:9481: result: yes
configure:9514: checking whether the gcc linker (/usr/bin/ld -m elf_x86_64) supports shared libraries
configure:10782: result: yes
configure:10819: checking whether -lc should be explicitly linked in
configure:10828: gcc -c -g -O2  conftest.c >&5
configure:10831: $? = 0
configure:10846: gcc -shared  -fPIC -DPIC conftest.o  -v -Wl,-soname -Wl,conftest -o conftest 2\>\&1 \| /usr/bin/grep  -lc  \>/dev/null 2\>\&1
configure:10849: $? = 0
configure:10863: result: no
configure:11023: checking dynamic linker characteristics
configure:11605: gcc -o conftest -g -O2   -Wl,-rpath -Wl,/foo conftest.c  >&5
configure:11605: $? = 0
configure:11844: result: GNU/Linux ld.so
configure:11966: checking how to hardcode library paths into programs
configure:11991: result: immediate
configure:12543: checking whether stripping libraries is possible
configure:12552: result: yes
configure:12594: checking if libtool supports shared libraries
configure:12596: result: yes
configure:12599: checking whether to build shared libraries
configure:12624: result: yes
configure:12627: checking whether to build static libraries
configure:12631: result: yes
configure:12727: checking for pkg-config
configure:12750: found /usr/bin/pkg-config
configure:12762: result: /usr/bin/pkg-config
configure:12787: checking pkg-config is at least version 0.9.0
configure:12790: result: yes
configure:12799: checking for gcc options needed to detect all undeclared functions
configure:12821: gcc -c -g -O2   conftest.c >&5
conftest.c: In function 'main':
conftest.c:27:8: error: 'strchr' undeclared (first use in this function)
   27 | (void) strchr;
      |        ^~~~~~
conftest.c:1:1: note: 'strchr' is defined in header '<string.h>'; did you forget to '#include <string.h>'?
    1 | /* confdefs.h */
conftest.c:27:8: note: each undeclared identifier is reported only once for each function it appears in
   27 | (void) strchr;
      |        ^~~~~~
configure:12821: $? = 1
configure: failed program was:
| /* confdefs.h */
| #define PACKAGE_NAME "xcb-util-keysyms"
| #define PACKAGE_TARNAME "xcb-util-keysyms"
| #define PACKAGE_VERSION "0.4.1"
| #define PACKAGE_STRING "xcb-util-keysyms 0.4.1"
| #define PACKAGE_BUGREPORT "https://gitlab.freedesktop.org/xorg/lib/libxcb-keysyms/-/issues"
| #define PACKAGE_URL ""
| #define PACKAGE "xcb-util-keysyms"
| #define VERSION "0.4.1"
| #define HAVE_STDIO_H 1
| #define HAVE_STDLIB_H 1
| #define HAVE_STRING_H 1
| #define HAVE_INTTYPES_H 1
| #define HAVE_STDINT_H 1
| #define HAVE_STRINGS_H 1
| #define HAVE_SYS_STAT_H 1
| #define HAVE_SYS_TYPES_H 1
| #define HAVE_UNISTD_H 1
| #define STDC_HEADERS 1
| #define HAVE_DLFCN_H 1
| #define LT_OBJDIR ".libs/"
| /* end confdefs.h.  */
| 
| int
| main (void)
| {
| (void) strchr;
|   ;
|   return 0;
| }
configure:12848: gcc -c -g -O2   conftest.c >&5
configure:12848: $? = 0
configure:12865: result: none needed
configure:12883: checking whether __clang__ is declared
configure:12883: gcc -c -g -O2   conftest.c >&5
conftest.c: In function 'main':
conftest.c:58:10: error: '__clang__' undeclared (first use in this function)
   58 |   (void) __clang__;
      |          ^~~~~~~~~
conftest.c:58:10: note: each undeclared identifier is reported only once for each function it appears in
configure:12883: $? = 1
configure: failed program was:
| /* confdefs.h */
| #define PACKAGE_NAME "xcb-util-keysyms"
| #define PACKAGE_TARNAME "xcb-util-keysyms"
| #define PACKAGE_VERSION "0.4.1"
| #define PACKAGE_STRING "xcb-util-keysyms 0.4.1"
| #define PACKAGE_BUGREPORT "https://gitlab.freedesktop.org/xorg/lib/libxcb-keysyms/-/issues"
| #define PACKAGE_URL ""
| #define PACKAGE "xcb-util-keysyms"
| #define VERSION "0.4.1"
| #define HAVE_STDIO_H 1
| #define HAVE_STDLIB_H 1
| #define HAVE_STRING_H 1
| #define HAVE_INTTYPES_H 1
| #define HAVE_STDINT_H 1
| #define HAVE_STRINGS_H 1
| #define HAVE_SYS_STAT_H 1
| #define HAVE_SYS_TYPES_H 1
| #define HAVE_UNISTD_H 1
| #define STDC_HEADERS 1
| #define HAVE_DLFCN_H 1
| #define LT_OBJDIR ".libs/"
| /* end confdefs.h.  */
| #include <stddef.h>
| #ifdef HAVE_STDIO_H
| # include <stdio.h>
| #endif
| #ifdef HAVE_STDLIB_H
| # include <stdlib.h>
| #endif
| #ifdef HAVE_STRING_H
| # include <string.h>
| #endif
| #ifdef HAVE_INTTYPES_H
| # include <inttypes.h>
| #endif
| #ifdef HAVE_STDINT_H
| # include <stdint.h>
| #endif
| #ifdef HAVE_STRINGS_H
| # include <strings.h>
| #endif
| #ifdef HAVE_SYS_TYPES_H
| # include <sys/types.h>
| #endif
| #ifdef HAVE_SYS_STAT_H
| # include <sys/stat.h>
| #endif
| #ifdef HAVE_UNISTD_H
| # include <unistd.h>
| #endif
| int
| main (void)
| {
| #ifndef __clang__
| #ifdef __cplusplus
|   (void) __clang__;
| #else
|   (void) __clang__;
| #endif
| #endif
| 
|   ;
|   return 0;
| }
configure:12883: result: no
configure:12890: checking whether __INTEL_COMPILER is declared
configure:12890: gcc -c -g -O2   conftest.c >&5
conftest.c: In function 'main':
conftest.c:58:10: error: '__INTEL_COMPILER' undeclared (first use in this function)
   58 |   (void) __INTEL_COMPILER;
      |          ^~~~~~~~~~~~~~~~
conftest.c:58:10: note: each undeclared identifier is reported only once for each function it appears in
configure:12890: $? = 1
configure: failed program was:
| /* confdefs.h */
| #define PACKAGE_NAME "xcb-util-keysyms"
| #define PACKAGE_TARNAME "xcb-util-keysyms"
| #define PACKAGE_VERSION "0.4.1"
| #define PACKAGE_STRING "xcb-util-keysyms 0.4.1"
| #define PACKAGE_BUGREPORT "https://gitlab.freedesktop.org/xorg/lib/libxcb-keysyms/-/issues"
| #define PACKAGE_URL ""
| #define PACKAGE "xcb-util-keysyms"
| #define VERSION "0.4.1"
| #define HAVE_STDIO_H 1
| #define HAVE_STDLIB_H 1
| #define HAVE_STRING_H 1
| #define HAVE_INTTYPES_H 1
| #define HAVE_STDINT_H 1
| #define HAVE_STRINGS_H 1
| #define HAVE_SYS_STAT_H 1
| #define HAVE_SYS_TYPES_H 1
| #define HAVE_UNISTD_H 1
| #define STDC_HEADERS 1
| #define HAVE_DLFCN_H 1
| #define LT_OBJDIR ".libs/"
| /* end confdefs.h.  */
| #include <stddef.h>
| #ifdef HAVE_STDIO_H
| # include <stdio.h>
| #endif
| #ifdef HAVE_STDLIB_H
| # include <stdlib.h>
| #endif
| #ifdef HAVE_STRING_H
| # include <string.h>
| #endif
| #ifdef HAVE_INTTYPES_H
| # include <inttypes.h>
| #endif
| #ifdef HAVE_STDINT_H
| # include <stdint.h>
| #endif
| #ifdef HAVE_STRINGS_H
| # include <strings.h>
| #endif
| #ifdef HAVE_SYS_TYPES_H
| # include <sys/types.h>
| #endif
| #ifdef HAVE_SYS_STAT_H
| # include <sys/stat.h>
| #endif
| #ifdef HAVE_UNISTD_H
| # include <unistd.h>
| #endif
| int
| main (void)
| {
| #ifndef __INTEL_COMPILER
| #ifdef __cplusplus
|   (void) __INTEL_COMPILER;
| #else
|   (void) __INTEL_COMPILER;
| #endif
| #endif
| 
|   ;
|   return 0;
| }
configure:12890: result: no
configure:12897: checking whether __SUNPRO_C is declared
configure:12897: gcc -c -g -O2   conftest.c >&5
conftest.c: In function 'main':
conftest.c:58:10: error: '__SUNPRO_C' undeclared (first use in this function)
   58 |   (void) __SUNPRO_C;
      |          ^~~~~~~~~~
conftest.c:58:10: note: each undeclared identifier is reported only once for each function it appears in
configure:12897: $? = 1
configure: failed program was:
| /* confdefs.h */
| #define PACKAGE_NAME "xcb-util-keysyms"
| #define PACKAGE_TARNAME "xcb-util-keysyms"
| #define PACKAGE_VERSION "0.4.1"
| #define PACKAGE_STRING "xcb-util-keysyms 0.4.1"
| #define PACKAGE_BUGREPORT "https://gitlab.freedesktop.org/xorg/lib/libxcb-keysyms/-/issues"
| #define PACKAGE_URL ""
| #define PACKAGE "xcb-util-keysyms"
| #define VERSION "0.4.1"
| #define HAVE_STDIO_H 1
| #define HAVE_STDLIB_H 1
| #define HAVE_STRING_H 1
| #define HAVE_INTTYPES_H 1
| #define HAVE_STDINT_H 1
| #define HAVE_STRINGS_H 1
| #define HAVE_SYS_STAT_H 1
| #define HAVE_SYS_TYPES_H 1
| #define HAVE_UNISTD_H 1
| #define STDC_HEADERS 1
| #define HAVE_DLFCN_H 1
| #define LT_OBJDIR ".libs/"
| /* end confdefs.h.  */
| #include <stddef.h>
| #ifdef HAVE_STDIO_H
| # include <stdio.h>
| #endif
| #ifdef HAVE_STDLIB_H
| # include <stdlib.h>
| #endif
| #ifdef HAVE_STRING_H
| # include <string.h>
| #endif
| #ifdef HAVE_INTTYPES_H
| # include <inttypes.h>
| #endif
| #ifdef HAVE_STDINT_H
| # include <stdint.h>
| #endif
| #ifdef HAVE_STRINGS_H
| # include <strings.h>
| #endif
| #ifdef HAVE_SYS_TYPES_H
| # include <sys/types.h>
| #endif
| #ifdef HAVE_SYS_STAT_H
| # include <sys/stat.h>
| #endif
| #ifdef HAVE_UNISTD_H
| # include <unistd.h>
| #endif
| int
| main (void)
| {
| #ifndef __SUNPRO_C
| #ifdef __cplusplus
|   (void) __SUNPRO_C;
| #else
|   (void) __SUNPRO_C;
| #endif
| #endif
| 
|   ;
|   return 0;
| }
configure:12897: result: no
configure:12919: checking for XCB
configure:12926: $PKG_CONFIG --exists --print-errors "xcb >= 1.4"
configure:12929: $? = 0
configure:12943: $PKG_CONFIG --exists --print-errors "xcb >= 1.4"
configure:12946: $? = 0
configure:13004: result: yes
configure:13012: checking whether libxcb was compiled against xcb-proto >= 1.6
configure:13020: checking for gawk
configure:13052: result: gawk
configure:13097: result: yes
configure:13159: checking if gcc supports -Werror=unknown-warning-option
configure:13169: gcc -c -g -O2 -Werror=unknown-warning-option  conftest.c >&5
cc1: error: '-Werror=unknown-warning-option': no option '-Wunknown-warning-option'
configure:13169: $? = 1
configure: failed program was:
| /* confdefs.h */
| #define PACKAGE_NAME "xcb-util-keysyms"
| #define PACKAGE_TARNAME "xcb-util-keysyms"
| #define PACKAGE_VERSION "0.4.1"
| #define PACKAGE_STRING "xcb-util-keysyms 0.4.1"
| #define PACKAGE_BUGREPORT "https://gitlab.freedesktop.org/xorg/lib/libxcb-keysyms/-/issues"
| #define PACKAGE_URL ""
| #define PACKAGE "xcb-util-keysyms"
| #define VERSION "0.4.1"
| #define HAVE_STDIO_H 1
| #define HAVE_STDLIB_H 1
| #define HAVE_STRING_H 1
| #define HAVE_INTTYPES_H 1
| #define HAVE_STDINT_H 1
| #define HAVE_STRINGS_H 1
| #define HAVE_SYS_STAT_H 1
| #define HAVE_SYS_TYPES_H 1
| #define HAVE_UNISTD_H 1
| #define STDC_HEADERS 1
| #define HAVE_DLFCN_H 1
| #define LT_OBJDIR ".libs/"
| /* end confdefs.h.  */
| int i;
configure:13177: result: no
configure:13188: checking if gcc supports -Werror=unused-command-line-argument
configure:13198: gcc -c -g -O2 -Werror=unused-command-line-argument  conftest.c >&5
cc1: error: '-Werror=unused-command-line-argument': no option '-Wunused-command-line-argument'; did you mean '-Wunused-dummy-argument'?
configure:13198: $? = 1
configure: failed program was:
| /* confdefs.h */
| #define PACKAGE_NAME "xcb-util-keysyms"
| #define PACKAGE_TARNAME "xcb-util-keysyms"
| #define PACKAGE_VERSION "0.4.1"
| #define PACKAGE_STRING "xcb-util-keysyms 0.4.1"
| #define PACKAGE_BUGREPORT "https://gitlab.freedesktop.org/xorg/lib/libxcb-keysyms/-/issues"
| #define PACKAGE_URL ""
| #define PACKAGE "xcb-util-keysyms"
| #define VERSION "0.4.1"
| #define HAVE_STDIO_H 1
| #define HAVE_STDLIB_H 1
| #define HAVE_STRING_H 1
| #define HAVE_INTTYPES_H 1
| #define HAVE_STDINT_H 1
| #define HAVE_STRINGS_H 1
| #define HAVE_SYS_STAT_H 1
| #define HAVE_SYS_TYPES_H 1
| #define HAVE_UNISTD_H 1
| #define STDC_HEADERS 1
| #define HAVE_DLFCN_H 1
| #define LT_OBJDIR ".libs/"
| /* end confdefs.h.  */
| int i;
configure:13206: result: no
configure:13225: checking if gcc supports -Wall
configure:13243: gcc -o conftest -g -O2 -Wall   conftest.c  >&5
configure:13243: $? = 0
configure:13257: result: yes
configure:13349: checking if gcc supports -Wpointer-arith
configure:13367: gcc -o conftest -g -O2 -Wpointer-arith   conftest.c  >&5
configure:13367: $? = 0
configure:13381: result: yes
configure:13473: checking if gcc supports -Wmissing-declarations
configure:13491: gcc -o conftest -g -O2 -Wmissing-declarations   conftest.c  >&5
configure:13491: $? = 0
configure:13505: result: yes
configure:13597: checking if gcc supports -Wformat=2
configure:13615: gcc -o conftest -g -O2 -Wformat=2   conftest.c  >&5
configure:13615: $? = 0
configure:13629: result: yes
configure:13774: checking if gcc supports -Wstrict-prototypes
configure:13792: gcc -o conftest -g -O2 -Wstrict-prototypes   conftest.c  >&5
configure:13792: $? = 0
configure:13806: result: yes
configure:13898: checking if gcc supports -Wmissing-prototypes
configure:13916: gcc -o conftest -g -O2 -Wmissing-prototypes   conftest.c  >&5
configure:13916: $? = 0
configure:13930: result: yes
configure:14022: checking if gcc supports -Wnested-externs
configure:14040: gcc -o conftest -g -O2 -Wnested-externs   conftest.c  >&5
configure:14040: $? = 0
configure:14054: result: yes
configure:14146: checking if gcc supports -Wbad-function-cast
configure:14164: gcc -o conftest -g -O2 -Wbad-function-cast   conftest.c  >&5
configure:14164: $? = 0
configure:14178: result: yes
configure:14270: checking if gcc supports -Wold-style-definition
configure:14288: gcc -o conftest -g -O2 -Wold-style-definition   conftest.c  >&5
configure:14288: $? = 0
configure:14302: result: yes
configure:14445: checking if gcc supports -Wdeclaration-after-statement
configure:14463: gcc -o conftest -g -O2 -Wdeclaration-after-statement   conftest.c  >&5
configure:14463: $? = 0
configure:14477: result: yes
configure:14573: checking if gcc supports -Wunused
configure:14591: gcc -o conftest -g -O2 -Wunused   conftest.c  >&5
configure:14591: $? = 0
configure:14605: result: yes
configure:14697: checking if gcc supports -Wuninitialized
configure:14715: gcc -o conftest -g -O2 -Wuninitialized   conftest.c  >&5
configure:14715: $? = 0
configure:14729: result: yes
configure:14821: checking if gcc supports -Wshadow
configure:14839: gcc -o conftest -g -O2 -Wshadow   conftest.c  >&5
configure:14839: $? = 0
configure:14853: result: yes
configure:14945: checking if gcc supports -Wmissing-noreturn
configure:14963: gcc -o conftest -g -O2 -Wmissing-noreturn   conftest.c  >&5
configure:14963: $? = 0
configure:14977: result: yes
configure:15069: checking if gcc supports -Wmissing-format-attribute
configure:15087: gcc -o conftest -g -O2 -Wmissing-format-attribute   conftest.c  >&5
configure:15087: $? = 0
configure:15101: result: yes
configure:15193: checking if gcc supports -Wredundant-decls
configure:15211: gcc -o conftest -g -O2 -Wredundant-decls   conftest.c  >&5
configure:15211: $? = 0
configure:15225: result: yes
configure:15317: checking if gcc supports -Wlogical-op
configure:15335: gcc -o conftest -g -O2 -Wlogical-op   conftest.c  >&5
configure:15335: $? = 0
configure:15349: result: yes
configure:15453: checking if gcc supports -Werror=implicit
configure:15471: gcc -o conftest -g -O2 -Werror=implicit   conftest.c  >&5
configure:15471: $? = 0
configure:15485: result: yes
configure:15628: checking if gcc supports -Werror=nonnull
configure:15646: gcc -o conftest -g -O2 -Werror=nonnull   conftest.c  >&5
configure:15646: $? = 0
configure:15660: result: yes
configure:15752: checking if gcc supports -Werror=init-self
configure:15770: gcc -o conftest -g -O2 -Werror=init-self   conftest.c  >&5
configure:15770: $? = 0
configure:15784: result: yes
configure:15876: checking if gcc supports -Werror=main
configure:15894: gcc -o conftest -g -O2 -Werror=main   conftest.c  >&5
configure:15894: $? = 0
configure:15908: result: yes
configure:16000: checking if gcc supports -Werror=missing-braces
configure:16018: gcc -o conftest -g -O2 -Werror=missing-braces   conftest.c  >&5
configure:16018: $? = 0
configure:16032: result: yes
configure:16124: checking if gcc supports -Werror=sequence-point
configure:16142: gcc -o conftest -g -O2 -Werror=sequence-point   conftest.c  >&5
configure:16142: $? = 0
configure:16156: result: yes
configure:16248: checking if gcc supports -Werror=return-type
configure:16266: gcc -o conftest -g -O2 -Werror=return-type   conftest.c  >&5
configure:16266: $? = 0
configure:16280: result: yes
configure:16423: checking if gcc supports -Werror=trigraphs
configure:16441: gcc -o conftest -g -O2 -Werror=trigraphs   conftest.c  >&5
configure:16441: $? = 0
configure:16455: result: yes
configure:16547: checking if gcc supports -Werror=array-bounds
configure:16565: gcc -o conftest -g -O2 -Werror=array-bounds   conftest.c  >&5
configure:16565: $? = 0
configure:16579: result: yes
configure:16671: checking if gcc supports -Werror=write-strings
configure:16689: gcc -o conftest -g -O2 -Werror=write-strings   conftest.c  >&5
configure:16689: $? = 0
configure:16703: result: yes
configure:16795: checking if gcc supports -Werror=address
configure:16813: gcc -o conftest -g -O2 -Werror=address   conftest.c  >&5
configure:16813: $? = 0
configure:16827: result: yes
configure:16919: checking if gcc supports -Werror=int-to-pointer-cast
configure:16937: gcc -o conftest -g -O2 -Werror=int-to-pointer-cast   conftest.c  >&5
configure:16937: $? = 0
configure:16951: result: yes
configure:17094: checking if gcc supports -Werror=pointer-to-int-cast
configure:17112: gcc -o conftest -g -O2 -Werror=pointer-to-int-cast   conftest.c  >&5
configure:17112: $? = 0
configure:17126: result: yes
configure:18867: checking if gcc supports -pedantic
configure:18885: gcc -o conftest -g -O2 -pedantic   conftest.c  >&5
configure:18885: $? = 0
configure:18899: result: yes
configure:18991: checking if gcc supports -Werror
configure:19009: gcc -o conftest -g -O2 -Werror   conftest.c  >&5
configure:19009: $? = 0
configure:19023: result: yes
configure:19169: checking if gcc supports -Werror=attributes
configure:19187: gcc -o conftest -g -O2 -Werror=attributes   conftest.c  >&5
configure:19187: $? = 0
configure:19201: result: yes
configure:19392: checking whether make supports nested variables
configure:19410: result: yes
configure:19441: checking whether to build developer documentation
configure:19443: result: yes
configure:19464: checking for doxygen
configure:19502: result: no
configure:19508: WARNING: doxygen not found - documentation targets will be skipped
configure:19649: checking for XPROTO
configure:19656: $PKG_CONFIG --exists --print-errors "xproto >= 7.0.8"
configure:19659: $? = 0
configure:19673: $PKG_CONFIG --exists --print-errors "xproto >= 7.0.8"
configure:19676: $? = 0
configure:19734: result: yes
configure:19878: checking that generated files are newer than configure
configure:19884: result: done
configure:19919: creating ./config.status

## ---------------------- ##
## Running config.status. ##
## ---------------------- ##

This file was extended by xcb-util-keysyms config.status 0.4.1, which was
generated by GNU Autoconf 2.71.  Invocation command line was

  CONFIG_FILES    = 
  CONFIG_HEADERS  = 
  CONFIG_LINKS    = 
  CONFIG_COMMANDS = 
  $ ./config.status 

on c2r6s1.42porto.com

config.status:1057: creating Makefile
config.status:1057: creating keysyms/Makefile
config.status:1057: creating keysyms/xcb-keysyms.pc
config.status:1229: executing depfiles commands
config.status:1306: cd keysyms       && sed -e '/# am--include-marker/d' Makefile         | make -f - am--depfiles
config.status:1311: $? = 0
config.status:1229: executing libtool commands

## ---------------- ##
## Cache variables. ##
## ---------------- ##

ac_cv_build=x86_64-pc-linux-gnu
ac_cv_c_compiler_gnu=yes
ac_cv_c_undeclared_builtin_options='none needed'
ac_cv_env_CC_set=
ac_cv_env_CC_value=
ac_cv_env_CFLAGS_set=
ac_cv_env_CFLAGS_value=
ac_cv_env_CPPFLAGS_set=
ac_cv_env_CPPFLAGS_value=
ac_cv_env_DOT_set=
ac_cv_env_DOT_value=
ac_cv_env_DOXYGEN_set=
ac_cv_env_DOXYGEN_value=
ac_cv_env_LDFLAGS_set=
ac_cv_env_LDFLAGS_value=
ac_cv_env_LIBS_set=
ac_cv_env_LIBS_value=
ac_cv_env_LT_SYS_LIBRARY_PATH_set=
ac_cv_env_LT_SYS_LIBRARY_PATH_value=
ac_cv_env_PKG_CONFIG_LIBDIR_set=
ac_cv_env_PKG_CONFIG_LIBDIR_value=
ac_cv_env_PKG_CONFIG_PATH_set=set
ac_cv_env_PKG_CONFIG_PATH_value=/home/tlaranje/.brew/opt/xcb-util-keysyms/lib/pkgconfig:
ac_cv_env_PKG_CONFIG_set=
ac_cv_env_PKG_CONFIG_value=
ac_cv_env_XCB_CFLAGS_set=
ac_cv_env_XCB_CFLAGS_value=
ac_cv_env_XCB_LIBS_set=
ac_cv_env_XCB_LIBS_value=
ac_cv_env_XPROTO_CFLAGS_set=
ac_cv_env_XPROTO_CFLAGS_value=
ac_cv_env_XPROTO_LIBS_set=
ac_cv_env_XPROTO_LIBS_value=
ac_cv_env_build_alias_set=
ac_cv_env_build_alias_value=
ac_cv_env_host_alias_set=
ac_cv_env_host_alias_value=
ac_cv_env_target_alias_set=
ac_cv_env_target_alias_value=
ac_cv_have_decl___INTEL_COMPILER=no
ac_cv_have_decl___SUNPRO_C=no
ac_cv_have_decl___clang__=no
ac_cv_header_dlfcn_h=yes
ac_cv_header_inttypes_h=yes
ac_cv_header_stdint_h=yes
ac_cv_header_stdio_h=yes
ac_cv_header_stdlib_h=yes
ac_cv_header_string_h=yes
ac_cv_header_strings_h=yes
ac_cv_header_sys_stat_h=yes
ac_cv_header_sys_types_h=yes
ac_cv_header_unistd_h=yes
ac_cv_host=x86_64-pc-linux-gnu
ac_cv_objext=o
ac_cv_path_EGREP='/usr/bin/grep -E'
ac_cv_path_FGREP='/usr/bin/grep -F'
ac_cv_path_GREP=/usr/bin/grep
ac_cv_path_SED=/usr/bin/sed
ac_cv_path_ac_pt_PKG_CONFIG=/usr/bin/pkg-config
ac_cv_path_install='/usr/bin/install -c'
ac_cv_path_lt_DD=/usr/bin/dd
ac_cv_path_mkdir=/usr/bin/mkdir
ac_cv_prog_AWK=gawk
ac_cv_prog_ac_ct_AR=ar
ac_cv_prog_ac_ct_CC=gcc
ac_cv_prog_ac_ct_FILECMD=file
ac_cv_prog_ac_ct_MANIFEST_TOOL=mt
ac_cv_prog_ac_ct_OBJDUMP=objdump
ac_cv_prog_ac_ct_RANLIB=ranlib
ac_cv_prog_ac_ct_STRIP=strip
ac_cv_prog_cc_c11=
ac_cv_prog_cc_g=yes
ac_cv_prog_cc_stdc=
ac_cv_prog_make_make_set=yes
am_cv_CC_dependencies_compiler_type=gcc3
am_cv_make_support_nested_variables=yes
am_cv_prog_cc_c_o=yes
lt_cv_ar_at_file=@
lt_cv_archive_cmds_need_lc=no
lt_cv_deplibs_check_method=pass_all
lt_cv_file_magic_cmd='$MAGIC_CMD'
lt_cv_file_magic_test_file=
lt_cv_ld_reload_flag=-r
lt_cv_nm_interface='BSD nm'
lt_cv_objdir=.libs
lt_cv_path_LD=/usr/bin/ld
lt_cv_path_NM='/usr/bin/nm -B'
lt_cv_path_mainfest_tool=no
lt_cv_prog_compiler_c_o=yes
lt_cv_prog_compiler_pic='-fPIC -DPIC'
lt_cv_prog_compiler_pic_works=yes
lt_cv_prog_compiler_rtti_exceptions=no
lt_cv_prog_compiler_static_works=yes
lt_cv_prog_gnu_ld=yes
lt_cv_sharedlib_from_linklib_cmd='printf %s\n'
lt_cv_shlibpath_overrides_runpath=yes
lt_cv_sys_global_symbol_pipe='/usr/bin/sed -n -e '\''s/^.*[	 ]\([ABCDGIRSTW][ABCDGIRSTW]*\)[	 ][	 ]*\([_A-Za-z][_A-Za-z0-9]*\)$/\1 \2 \2/p'\'' | /usr/bin/sed '\''/ __gnu_lto/d'\'''
lt_cv_sys_global_symbol_to_c_name_address='/usr/bin/sed -n -e '\''s/^: \(.*\) .*$/  {"\1", (void *) 0},/p'\'' -e '\''s/^[ABCDGIRSTW][ABCDGIRSTW]* .* \(.*\)$/  {"\1", (void *) \&\1},/p'\'''
lt_cv_sys_global_symbol_to_c_name_address_lib_prefix='/usr/bin/sed -n -e '\''s/^: \(.*\) .*$/  {"\1", (void *) 0},/p'\'' -e '\''s/^[ABCDGIRSTW][ABCDGIRSTW]* .* \(lib.*\)$/  {"\1", (void *) \&\1},/p'\'' -e '\''s/^[ABCDGIRSTW][ABCDGIRSTW]* .* \(.*\)$/  {"lib\1", (void *) \&\1},/p'\'''
lt_cv_sys_global_symbol_to_cdecl='/usr/bin/sed -n -e '\''s/^T .* \(.*\)$/extern int \1();/p'\'' -e '\''s/^[ABCDGIRSTW][ABCDGIRSTW]* .* \(.*\)$/extern char \1;/p'\'''
lt_cv_sys_global_symbol_to_import=
lt_cv_sys_max_cmd_len=1572864
lt_cv_to_host_file_cmd=func_convert_file_noop
lt_cv_to_tool_file_cmd=func_convert_file_noop
lt_cv_truncate_bin='/usr/bin/dd bs=4096 count=1'
pkg_cv_XCB_CFLAGS=
pkg_cv_XCB_LIBS=-lxcb
pkg_cv_XPROTO_CFLAGS=
pkg_cv_XPROTO_LIBS=
xorg_cv_cc_flag__Wall=yes
xorg_cv_cc_flag__Wbad_function_cast=yes
xorg_cv_cc_flag__Wdeclaration_after_statement=yes
xorg_cv_cc_flag__Werror=yes
xorg_cv_cc_flag__Werror_address=yes
xorg_cv_cc_flag__Werror_array_bounds=yes
xorg_cv_cc_flag__Werror_attributes=yes
xorg_cv_cc_flag__Werror_implicit=yes
xorg_cv_cc_flag__Werror_init_self=yes
xorg_cv_cc_flag__Werror_int_to_pointer_cast=yes
xorg_cv_cc_flag__Werror_main=yes
xorg_cv_cc_flag__Werror_missing_braces=yes
xorg_cv_cc_flag__Werror_nonnull=yes
xorg_cv_cc_flag__Werror_pointer_to_int_cast=yes
xorg_cv_cc_flag__Werror_return_type=yes
xorg_cv_cc_flag__Werror_sequence_point=yes
xorg_cv_cc_flag__Werror_trigraphs=yes
xorg_cv_cc_flag__Werror_write_strings=yes
xorg_cv_cc_flag__Wformat_2=yes
xorg_cv_cc_flag__Wlogical_op=yes
xorg_cv_cc_flag__Wmissing_declarations=yes
xorg_cv_cc_flag__Wmissing_format_attribute=yes
xorg_cv_cc_flag__Wmissing_noreturn=yes
xorg_cv_cc_flag__Wmissing_prototypes=yes
xorg_cv_cc_flag__Wnested_externs=yes
xorg_cv_cc_flag__Wold_style_definition=yes
xorg_cv_cc_flag__Wpointer_arith=yes
xorg_cv_cc_flag__Wredundant_decls=yes
xorg_cv_cc_flag__Wshadow=yes
xorg_cv_cc_flag__Wstrict_prototypes=yes
xorg_cv_cc_flag__Wuninitialized=yes
xorg_cv_cc_flag__Wunused=yes
xorg_cv_cc_flag__pedantic=yes
xorg_cv_cc_flag_unknown_warning_option=no
xorg_cv_cc_flag_unused_command_line_argument=no

## ----------------- ##
## Output variables. ##
## ----------------- ##

ACLOCAL='${SHELL} '\''/home/tlaranje/Documents/a-maze-ing/mlx_CLXV/xcb-util-keysyms-0.4.1/missing'\'' aclocal-1.16'
ADMIN_MAN_DIR='$(mandir)/man$(ADMIN_MAN_SUFFIX)'
ADMIN_MAN_SUFFIX='8'
AMDEPBACKSLASH='\'
AMDEP_FALSE='#'
AMDEP_TRUE=''
AMTAR='$${TAR-tar}'
AM_BACKSLASH='\'
AM_DEFAULT_V='$(AM_DEFAULT_VERBOSITY)'
AM_DEFAULT_VERBOSITY='0'
AM_V='$(V)'
APP_MAN_DIR='$(mandir)/man$(APP_MAN_SUFFIX)'
APP_MAN_SUFFIX='1'
AR='ar'
AUTOCONF='${SHELL} '\''/home/tlaranje/Documents/a-maze-ing/mlx_CLXV/xcb-util-keysyms-0.4.1/missing'\'' autoconf'
AUTOHEADER='${SHELL} '\''/home/tlaranje/Documents/a-maze-ing/mlx_CLXV/xcb-util-keysyms-0.4.1/missing'\'' autoheader'
AUTOMAKE='${SHELL} '\''/home/tlaranje/Documents/a-maze-ing/mlx_CLXV/xcb-util-keysyms-0.4.1/missing'\'' automake-1.16'
AWK='gawk'
BASE_CFLAGS=' -Wall -Wpointer-arith -Wmissing-declarations -Wformat=2 -Wstrict-prototypes -Wmissing-prototypes -Wnested-externs -Wbad-function-cast -Wold-style-definition -Wdeclaration-after-statement -Wunused -Wuninitialized -Wshadow -Wmissing-noreturn -Wmissing-format-attribute -Wredundant-decls -Wlogical-op -Werror=implicit -Werror=nonnull -Werror=init-self -Werror=main -Werror=missing-braces -Werror=sequence-point -Werror=return-type -Werror=trigraphs -Werror=array-bounds -Werror=write-strings -Werror=address -Werror=int-to-pointer-cast -Werror=pointer-to-int-cast'
CC='gcc'
CCDEPMODE='depmode=gcc3'
CFLAGS='-g -O2'
CHANGELOG_CMD='((GIT_DIR=$(top_srcdir)/.git git log > $(top_srcdir)/.changelog.tmp) 2>/dev/null && mv $(top_srcdir)/.changelog.tmp $(top_srcdir)/ChangeLog) || (rm -f $(top_srcdir)/.changelog.tmp; test -e $(top_srcdir)/ChangeLog || ( touch $(top_srcdir)/ChangeLog; echo '\''git failed to create ChangeLog: installing empty ChangeLog.'\'' >&2))'
CPPFLAGS=''
CSCOPE='cscope'
CTAGS='ctags'
CWARNFLAGS=' -Wall -Wpointer-arith -Wmissing-declarations -Wformat=2 -Wstrict-prototypes -Wmissing-prototypes -Wnested-externs -Wbad-function-cast -Wold-style-definition -Wdeclaration-after-statement -Wunused -Wuninitialized -Wshadow -Wmissing-noreturn -Wmissing-format-attribute -Wredundant-decls -Wlogical-op -Werror=implicit -Werror=nonnull -Werror=init-self -Werror=main -Werror=missing-braces -Werror=sequence-point -Werror=return-type -Werror=trigraphs -Werror=array-bounds -Werror=write-strings -Werror=address -Werror=int-to-pointer-cast -Werror=pointer-to-int-cast -fno-strict-aliasing'
CYGPATH_W='echo'
DEFS='-DPACKAGE_NAME=\"xcb-util-keysyms\" -DPACKAGE_TARNAME=\"xcb-util-keysyms\" -DPACKAGE_VERSION=\"0.4.1\" -DPACKAGE_STRING=\"xcb-util-keysyms\ 0.4.1\" -DPACKAGE_BUGREPORT=\"https://gitlab.freedesktop.org/xorg/lib/libxcb-keysyms/-/issues\" -DPACKAGE_URL=\"\" -DPACKAGE=\"xcb-util-keysyms\" -DVERSION=\"0.4.1\" -DHAVE_STDIO_H=1 -DHAVE_STDLIB_H=1 -DHAVE_STRING_H=1 -DHAVE_INTTYPES_H=1 -DHAVE_STDINT_H=1 -DHAVE_STRINGS_H=1 -DHAVE_SYS_STAT_H=1 -DHAVE_SYS_TYPES_H=1 -DHAVE_UNISTD_H=1 -DSTDC_HEADERS=1 -DHAVE_DLFCN_H=1 -DLT_OBJDIR=\".libs/\" -DPACKAGE_VERSION_MAJOR=0 -DPACKAGE_VERSION_MINOR=4 -DPACKAGE_VERSION_PATCHLEVEL=1'
DEPDIR='.deps'
DLLTOOL='false'
DOT=''
DOXYGEN=''
DRIVER_MAN_DIR='$(mandir)/man$(DRIVER_MAN_SUFFIX)'
DRIVER_MAN_SUFFIX='4'
DSYMUTIL=''
DUMPBIN=''
ECHO_C=''
ECHO_N='-n'
ECHO_T=''
EGREP='/usr/bin/grep -E'
ENABLE_DEVEL_DOCS_FALSE='#'
ENABLE_DEVEL_DOCS_TRUE=''
ETAGS='etags'
EXEEXT=''
FGREP='/usr/bin/grep -F'
FILECMD='file'
FILE_MAN_DIR='$(mandir)/man$(FILE_MAN_SUFFIX)'
FILE_MAN_SUFFIX='5'
GREP='/usr/bin/grep'
HAVE_DOT='no'
HAVE_DOT_FALSE=''
HAVE_DOT_TRUE='#'
HAVE_DOXYGEN_FALSE=''
HAVE_DOXYGEN_TRUE='#'
INSTALL_CMD='(cp -f /INSTALL $(top_srcdir)/.INSTALL.tmp && mv $(top_srcdir)/.INSTALL.tmp $(top_srcdir)/INSTALL) || (rm -f $(top_srcdir)/.INSTALL.tmp; test -e $(top_srcdir)/INSTALL || ( touch $(top_srcdir)/INSTALL; echo '\''failed to copy INSTALL from util-macros: installing empty INSTALL.'\'' >&2))'
INSTALL_DATA='${INSTALL} -m 644'
INSTALL_PROGRAM='${INSTALL}'
INSTALL_SCRIPT='${INSTALL}'
INSTALL_STRIP_PROGRAM='$(install_sh) -c -s'
LD='/usr/bin/ld -m elf_x86_64'
LDFLAGS=''
LIBOBJS=''
LIBS=''
LIBTOOL='$(SHELL) $(top_builddir)/libtool'
LIB_MAN_DIR='$(mandir)/man$(LIB_MAN_SUFFIX)'
LIB_MAN_SUFFIX='3'
LIPO=''
LN_S='ln -s'
LTLIBOBJS=''
LT_SYS_LIBRARY_PATH=''
MAKEINFO='${SHELL} '\''/home/tlaranje/Documents/a-maze-ing/mlx_CLXV/xcb-util-keysyms-0.4.1/missing'\'' makeinfo'
MANIFEST_TOOL=':'
MAN_SUBSTS='	-e '\''s|__vendorversion__|"$(PACKAGE_STRING)" "$(XORG_MAN_PAGE)"|'\'' 	-e '\''s|__xorgversion__|"$(PACKAGE_STRING)" "$(XORG_MAN_PAGE)"|'\'' 	-e '\''s|__xservername__|Xorg|g'\'' 	-e '\''s|__xconfigfile__|xorg.conf|g'\'' 	-e '\''s|__projectroot__|$(prefix)|g'\'' 	-e '\''s|__apploaddir__|$(appdefaultdir)|g'\'' 	-e '\''s|__appmansuffix__|$(APP_MAN_SUFFIX)|g'\'' 	-e '\''s|__drivermansuffix__|$(DRIVER_MAN_SUFFIX)|g'\'' 	-e '\''s|__adminmansuffix__|$(ADMIN_MAN_SUFFIX)|g'\'' 	-e '\''s|__libmansuffix__|$(LIB_MAN_SUFFIX)|g'\'' 	-e '\''s|__miscmansuffix__|$(MISC_MAN_SUFFIX)|g'\'' 	-e '\''s|__filemansuffix__|$(FILE_MAN_SUFFIX)|g'\'''
MISC_MAN_DIR='$(mandir)/man$(MISC_MAN_SUFFIX)'
MISC_MAN_SUFFIX='7'
MKDIR_P='/usr/bin/mkdir -p'
NM='/usr/bin/nm -B'
NMEDIT=''
OBJDUMP='objdump'
OBJEXT='o'
OTOOL64=''
OTOOL=''
PACKAGE='xcb-util-keysyms'
PACKAGE_BUGREPORT='https://gitlab.freedesktop.org/xorg/lib/libxcb-keysyms/-/issues'
PACKAGE_NAME='xcb-util-keysyms'
PACKAGE_STRING='xcb-util-keysyms 0.4.1'
PACKAGE_TARNAME='xcb-util-keysyms'
PACKAGE_URL=''
PACKAGE_VERSION='0.4.1'
PATH_SEPARATOR=':'
PKG_CONFIG='/usr/bin/pkg-config'
PKG_CONFIG_LIBDIR=''
PKG_CONFIG_PATH='/home/tlaranje/.brew/opt/xcb-util-keysyms/lib/pkgconfig:'
RANLIB='ranlib'
SED='/usr/bin/sed'
SET_MAKE=''
SHELL='/bin/bash'
STRICT_CFLAGS=' -pedantic -Werror -Werror=attributes'
STRIP='strip'
VERSION='0.4.1'
XCB_CFLAGS=''
XCB_LIBS='-lxcb'
XORG_MAN_PAGE='X Version 11'
XPROTO_CFLAGS=''
XPROTO_LIBS=''
ac_ct_AR='ar'
ac_ct_CC='gcc'
ac_ct_DUMPBIN=''
am__EXEEXT_FALSE=''
am__EXEEXT_TRUE='#'
am__fastdepCC_FALSE='#'
am__fastdepCC_TRUE=''
am__include='include'
am__isrc=''
am__leading_dot='.'
am__nodep='_no'
am__quote=''
am__tar='$${TAR-tar} chof - "$$tardir"'
am__untar='$${TAR-tar} xf -'
bindir='${exec_prefix}/bin'
build='x86_64-pc-linux-gnu'
build_alias=''
build_cpu='x86_64'
build_os='linux-gnu'
build_vendor='pc'
datadir='${datarootdir}'
datarootdir='${prefix}/share'
docdir='${datarootdir}/doc/${PACKAGE_TARNAME}'
dvidir='${docdir}'
exec_prefix='${prefix}'
host='x86_64-pc-linux-gnu'
host_alias=''
host_cpu='x86_64'
host_os='linux-gnu'
host_vendor='pc'
htmldir='${docdir}'
includedir='${prefix}/include'
infodir='${datarootdir}/info'
install_sh='${SHELL} /home/tlaranje/Documents/a-maze-ing/mlx_CLXV/xcb-util-keysyms-0.4.1/install-sh'
libdir='${exec_prefix}/lib'
libexecdir='${exec_prefix}/libexec'
localedir='${datarootdir}/locale'
localstatedir='${prefix}/var'
mandir='${datarootdir}/man'
mkdir_p='$(MKDIR_P)'
oldincludedir='/usr/include'
pdfdir='${docdir}'
pkgconfigdir='${libdir}/pkgconfig'
prefix='/home/tlaranje/local'
program_transform_name='s,x,x,'
psdir='${docdir}'
runstatedir='${localstatedir}/run'
sbindir='${exec_prefix}/sbin'
sharedstatedir='${prefix}/com'
sysconfdir='${prefix}/etc'
target_alias=''
xcbincludedir='${includedir}/xcb'

## ----------- ##
## confdefs.h. ##
## ----------- ##

/* confdefs.h */
#define PACKAGE_NAME "xcb-util-keysyms"
#define PACKAGE_TARNAME "xcb-util-keysyms"
#define PACKAGE_VERSION "0.4.1"
#define PACKAGE_STRING "xcb-util-keysyms 0.4.1"
#define PACKAGE_BUGREPORT "https://gitlab.freedesktop.org/xorg/lib/libxcb-keysyms/-/issues"
#define PACKAGE_URL ""
#define PACKAGE "xcb-util-keysyms"
#define VERSION "0.4.1"
#define HAVE_STDIO_H 1
#define HAVE_STDLIB_H 1
#define HAVE_STRING_H 1
#define HAVE_INTTYPES_H 1
#define HAVE_STDINT_H 1
#define HAVE_STRINGS_H 1
#define HAVE_SYS_STAT_H 1
#define HAVE_SYS_TYPES_H 1
#define HAVE_UNISTD_H 1
#define STDC_HEADERS 1
#define HAVE_DLFCN_H 1
#define LT_OBJDIR ".libs/"
#define PACKAGE_VERSION_MAJOR 0
#define PACKAGE_VERSION_MINOR 4
#define PACKAGE_VERSION_PATCHLEVEL 1

configure: exit 0
